// Jest Snapshot v1, https://goo.gl/fbAQLP

exports[`Spinner component render Spinner component correctly 1`] = `
<div
  className="full-screen flex justify-center items-center"
>
  <div
    className="pacman"
  >
    <div
      className="pacman__mouth"
    />
    <div
      className="pacman__food"
    />
    <div
      className="pacman__food"
    />
    <div
      className="pacman__food"
    />
    <div
      className="pacman__food"
    />
  </div>
</div>
`;
