// Jest Snapshot v1, https://goo.gl/fbAQLP

exports[`Card component render Card component correctly 1`] = `
<div
  className="bg-light-green dib br3 pa3 ma2 grow bw2 shadow-5"
>
  <img
    alt="robot"
    src="https://robohash.org/1?size=200x200"
  />
  <div>
    <h2>
      user1
    </h2>
    <p>
      user1@gmail.com
    </p>
  </div>
</div>
`;
